baseline 0 train=3.86 held=3.50 $0.114
baseline 1 train=3.70 held=3.75 $0.225
baseline 2 train=3.47 held=3.75 $0.331
baseline 3 train=3.64 held=3.75 $0.441
baseline 4 train=3.55 held=3.84 $0.563
lesson_in_context 0 train=3.67 held=3.53 $0.114
lesson_in_context 1 train=3.92 held=3.44 $0.223
lesson_in_context 2 train=3.95 held=3.69 $0.339
lesson_in_context 3 train=3.78 held=3.69 $0.460
lesson_in_context 4 train=3.91 held=3.84 $0.572
prompt_rewrite 0 train=3.75 held=3.75 $0.131
prompt_rewrite 1 train=3.80 held=3.38 $0.363
prompt_rewrite 2 train=3.52 held=3.66 $0.563
prompt_rewrite 3 train=3.94 held=4.00 $0.799
prompt_rewrite 4 train=3.94 held=3.81 $1.013
retrieved_fewshot 0 train=3.72 held=3.47 $0.131
retrieved_fewshot 1 train=3.84 held=3.50 $0.251
retrieved_fewshot 2 train=3.97 held=3.88 $0.381
retrieved_fewshot 3 train=3.80 held=3.81 $0.515
retrieved_fewshot 4 train=3.78 held=3.44 $0.638
baseline held-out noise across runs: [3.81, 3.84, 3.31] total $ 2.897 calls 861
